// Jest Snapshot v1, https://goo.gl/fbAQLP

exports[`snapshot testing HeadProvider 1`] = `null`;
